// Jest Snapshot v1, https://goo.gl/fbAQLP

exports[`renders homepage unchanged 1`] = `
<div>
  <div
    class="MuiBox-root css-1rozdvb"
  >
    <div
      class="MuiGrid-root MuiGrid-container MuiGrid-spacing-xs-1 MuiGrid-spacing-md-2 css-1i6vwqu-MuiGrid-root"
    >
      <div
        class="MuiGrid-root MuiGrid-item MuiGrid-grid-xs-12 MuiGrid-grid-sm-8 MuiGrid-grid-md-3 css-w4jy55-MuiGrid-root"
      >
        <a
          href="/categories/weapons"
        >
          <div
            class="MuiPaper-root MuiPaper-elevation MuiPaper-rounded MuiPaper-elevation1 MuiCard-root css-1ri6ub7-MuiPaper-root-MuiCard-root"
          >
            <div
              class="MuiCardContent-root css-46bh2p-MuiCardContent-root"
            >
              <div
                class="MuiTypography-root MuiTypography-h5 MuiTypography-gutterBottom css-h93ljk-MuiTypography-root"
              >
                Weapons
              </div>
              <p
                class="MuiTypography-root MuiTypography-body2 css-r40f8v-MuiTypography-root"
              >
                Weapons in Elden Ring is a piece of offensive equipment that is used by the player's character to inflict damage against Enemies and Bosses.
              </p>
            </div>
          </div>
        </a>
      </div>
      <div
        class="MuiGrid-root MuiGrid-item MuiGrid-grid-xs-12 MuiGrid-grid-sm-8 MuiGrid-grid-md-3 css-w4jy55-MuiGrid-root"
      >
        <a
          href="/categories/armors"
        >
          <div
            class="MuiPaper-root MuiPaper-elevation MuiPaper-rounded MuiPaper-elevation1 MuiCard-root css-1ri6ub7-MuiPaper-root-MuiCard-root"
          >
            <div
              class="MuiCardContent-root css-46bh2p-MuiCardContent-root"
            >
              <div
                class="MuiTypography-root MuiTypography-h5 MuiTypography-gutterBottom css-h93ljk-MuiTypography-root"
              >
                Armors
              </div>
              <p
                class="MuiTypography-root MuiTypography-body2 css-r40f8v-MuiTypography-root"
              >
                ARMOR DESCRIPTION
              </p>
            </div>
          </div>
        </a>
      </div>
      <div
        class="MuiGrid-root MuiGrid-item MuiGrid-grid-xs-12 MuiGrid-grid-sm-8 MuiGrid-grid-md-3 css-w4jy55-MuiGrid-root"
      >
        <a
          href="/categories/sorceries"
        >
          <div
            class="MuiPaper-root MuiPaper-elevation MuiPaper-rounded MuiPaper-elevation1 MuiCard-root css-1ri6ub7-MuiPaper-root-MuiCard-root"
          >
            <div
              class="MuiCardContent-root css-46bh2p-MuiCardContent-root"
            >
              <div
                class="MuiTypography-root MuiTypography-h5 MuiTypography-gutterBottom css-h93ljk-MuiTypography-root"
              >
                Sorceries
              </div>
              <p
                class="MuiTypography-root MuiTypography-body2 css-r40f8v-MuiTypography-root"
              >
                Sorceries DESCRIPTION
              </p>
            </div>
          </div>
        </a>
      </div>
      <div
        class="MuiGrid-root MuiGrid-item MuiGrid-grid-xs-12 MuiGrid-grid-sm-8 MuiGrid-grid-md-3 css-w4jy55-MuiGrid-root"
      >
        <a
          href="/categories/shields"
        >
          <div
            class="MuiPaper-root MuiPaper-elevation MuiPaper-rounded MuiPaper-elevation1 MuiCard-root css-1ri6ub7-MuiPaper-root-MuiCard-root"
          >
            <div
              class="MuiCardContent-root css-46bh2p-MuiCardContent-root"
            >
              <div
                class="MuiTypography-root MuiTypography-h5 MuiTypography-gutterBottom css-h93ljk-MuiTypography-root"
              >
                Shields
              </div>
              <p
                class="MuiTypography-root MuiTypography-body2 css-r40f8v-MuiTypography-root"
              >
                Shields DESCRIPTION
              </p>
            </div>
          </div>
        </a>
      </div>
      <div
        class="MuiGrid-root MuiGrid-item MuiGrid-grid-xs-12 MuiGrid-grid-sm-8 MuiGrid-grid-md-3 css-w4jy55-MuiGrid-root"
      >
        <a
          href="/categories/ashes"
        >
          <div
            class="MuiPaper-root MuiPaper-elevation MuiPaper-rounded MuiPaper-elevation1 MuiCard-root css-1ri6ub7-MuiPaper-root-MuiCard-root"
          >
            <div
              class="MuiCardContent-root css-46bh2p-MuiCardContent-root"
            >
              <div
                class="MuiTypography-root MuiTypography-h5 MuiTypography-gutterBottom css-h93ljk-MuiTypography-root"
              >
                Ashes of War
              </div>
              <p
                class="MuiTypography-root MuiTypography-body2 css-r40f8v-MuiTypography-root"
              >
                Ashes of War DESCRIPTION
              </p>
            </div>
          </div>
        </a>
      </div>
    </div>
  </div>
</div>
`;
